IGNORETHISFORTHISWILLBEREMOVED This script generated addresses from afghanistan to anonymize legitimate visitors' addresses.
IGNORETHISFORTHISWILLBEREMOVED
IGNORETHISFORTHISWILLBEREMOVED puts %w{58.147.128.0 61.5.192.0 117.55.192.0 121.127.32.0 124.199.112.0 125.213.192.0 175.106.32.0 180.94.64.0
IGNORETHISFORTHISWILLBEREMOVED 182.50.176.0 202.56.176.0 202.86.16.0 203.215.32.0 210.80.0.0 210.80.32.0}.
IGNORETHISFORTHISWILLBEREMOVED     sample.sub(/\d+$/, rand(256).to_s)
IGNORETHISFORTHISWILLBEREMOVED
202.86.16.45 - - [26/Jan/2016:13:26:25 +0400] "GET /posts/2016-01-26-hardcoding-host-ip-address-in-putty.html HTTP/1.1" 200 2160 "-" "Mozilla/5.0 (X11; Ubuntu; Linux x86_64; rv:43.0) Gecko/20100101 Firefox/43.0"
202.86.16.45 - - [26/Jan/2016:13:26:25 +0400] "GET /css/normalize.css HTTP/1.1" 200 2334 "http://raitis.veinbahs.lv/posts/2016-01-26-hardcoding-host-ip-address-in-putty.html" "Mozilla/5.0 (X11; Ubuntu; Linux x86_64; rv:43.0) Gecko/20100101 Firefox/43.0"
202.86.16.45 - - [26/Jan/2016:13:26:25 +0400] "GET /css/style.css HTTP/1.1" 200 2568 "http://raitis.veinbahs.lv/posts/2016-01-26-hardcoding-host-ip-address-in-putty.html" "Mozilla/5.0 (X11; Ubuntu; Linux x86_64; rv:43.0) Gecko/20100101 Firefox/43.0"
202.86.16.45 - - [26/Jan/2016:13:28:35 +0400] "GET / HTTP/1.1" 200 1003 "http://raitis.veinbahs.lv/posts/2016-01-26-hardcoding-host-ip-address-in-putty.html" "Mozilla/5.0 (X11; Ubuntu; Linux x86_64; rv:43.0) Gecko/20100101 Firefox/43.0"
61.5.192.110 - - [26/Jan/2016:13:29:53 +0400] "GET /posts/2016-01-26-hardcoding-host-ip-address-in-putty.html HTTP/1.1" 200 2160 "-" "Mozilla/5.0 (X11; Linux x86_64; rv:42.0) Gecko/20100101 Firefox/42.0"
61.5.192.110 - - [26/Jan/2016:13:29:53 +0400] "GET /css/normalize.css HTTP/1.1" 200 2334 "http://raitis.veinbahs.lv/posts/2016-01-26-hardcoding-host-ip-address-in-putty.html" "Mozilla/5.0 (X11; Linux x86_64; rv:42.0) Gecko/20100101 Firefox/42.0"
61.5.192.110 - - [26/Jan/2016:13:29:54 +0400] "GET /css/style.css HTTP/1.1" 200 2568 "http://raitis.veinbahs.lv/posts/2016-01-26-hardcoding-host-ip-address-in-putty.html" "Mozilla/5.0 (X11; Linux x86_64; rv:42.0) Gecko/20100101 Firefox/42.0"
61.5.192.110 - - [26/Jan/2016:13:29:54 +0400] "GET /favicon.ico HTTP/1.1" 404 143 "-" "Mozilla/5.0 (X11; Linux x86_64; rv:42.0) Gecko/20100101 Firefox/42.0"
61.5.192.110 - - [26/Jan/2016:13:29:54 +0400] "GET /favicon.ico HTTP/1.1" 404 143 "-" "Mozilla/5.0 (X11; Linux x86_64; rv:42.0) Gecko/20100101 Firefox/42.0"
117.55.192.132 - - [26/Jan/2016:13:34:27 +0400] "HEAD /posts/2016-01-26-hardcoding-host-ip-address-in-putty.html HTTP/1.1" 200 0 "-" "python-requests/2.3.0 CPython/2.7.6 Linux/3.13.0-57-generic"
117.55.192.132 - - [26/Jan/2016:13:34:27 +0400] "GET /posts/2016-01-26-hardcoding-host-ip-address-in-putty.html HTTP/1.1" 200 2160 "-" "Mozilla/5.0 (Windows NT 6.1) AppleWebKit/537.36 (KHTML, like Gecko) Chrome/41.0.2228.0 Safari/537.36"
175.106.32.37 - - [26/Jan/2016:13:39:14 +0400] "GET /posts/2016-01-26-hardcoding-host-ip-address-in-putty.html HTTP/1.1" 200 2160 "-" "Mozilla/5.0 (X11; Linux x86_64; rv:43.0) Gecko/20100101 Firefox/43.0"
175.106.32.37 - - [26/Jan/2016:13:39:14 +0400] "GET /css/normalize.css HTTP/1.1" 200 2334 "http://raitis.veinbahs.lv/posts/2016-01-26-hardcoding-host-ip-address-in-putty.html" "Mozilla/5.0 (X11; Linux x86_64; rv:43.0) Gecko/20100101 Firefox/43.0"
175.106.32.37 - - [26/Jan/2016:13:39:14 +0400] "GET /css/style.css HTTP/1.1" 200 2568 "http://raitis.veinbahs.lv/posts/2016-01-26-hardcoding-host-ip-address-in-putty.html" "Mozilla/5.0 (X11; Linux x86_64; rv:43.0) Gecko/20100101 Firefox/43.0"
175.106.32.37 - - [26/Jan/2016:13:39:15 +0400] "GET /favicon.ico HTTP/1.1" 404 143 "-" "Mozilla/5.0 (X11; Linux x86_64; rv:43.0) Gecko/20100101 Firefox/43.0"
175.106.32.37 - - [26/Jan/2016:13:39:15 +0400] "GET /favicon.ico HTTP/1.1" 404 143 "-" "Mozilla/5.0 (X11; Linux x86_64; rv:43.0) Gecko/20100101 Firefox/43.0"
74.6.254.127 - - [26/Jan/2016:14:25:24 +0400] "GET /robots.txt HTTP/1.1" 200 24 "-" "Mozilla/5.0 (compatible; Yahoo! Slurp; http://help.yahoo.com/help/us/ysearch/slurp)"
74.6.254.127 - - [26/Jan/2016:14:25:24 +0400] "HEAD /posts/2016-01-26-hardcoding-host-ip-address-in-putty.html HTTP/1.1" 200 0 "-" "Mozilla/5.0 (compatible; Yahoo! Slurp; http://help.yahoo.com/help/us/ysearch/slurp)"
175.106.32.203 - - [26/Jan/2016:14:27:57 +0400] "GET /posts/2016-01-26-hardcoding-host-ip-address-in-putty.html HTTP/1.1" 200 2160 "https://t.co/97mFGvxSvk" "Mozilla/5.0 (Macintosh; Intel Mac OS X 10_11_2) AppleWebKit/537.36 (KHTML, like Gecko) Chrome/47.0.2526.111 Safari/537.36"
175.106.32.203 - - [26/Jan/2016:14:27:57 +0400] "GET /css/normalize.css HTTP/1.1" 200 2334 "http://raitis.veinbahs.lv/posts/2016-01-26-hardcoding-host-ip-address-in-putty.html" "Mozilla/5.0 (Macintosh; Intel Mac OS X 10_11_2) AppleWebKit/537.36 (KHTML, like Gecko) Chrome/47.0.2526.111 Safari/537.36"
175.106.32.203 - - [26/Jan/2016:14:27:58 +0400] "GET /css/style.css HTTP/1.1" 200 2568 "http://raitis.veinbahs.lv/posts/2016-01-26-hardcoding-host-ip-address-in-putty.html" "Mozilla/5.0 (Macintosh; Intel Mac OS X 10_11_2) AppleWebKit/537.36 (KHTML, like Gecko) Chrome/47.0.2526.111 Safari/537.36"
175.106.32.203 - - [26/Jan/2016:14:27:58 +0400] "GET /favicon.ico HTTP/1.1" 404 201 "http://raitis.veinbahs.lv/posts/2016-01-26-hardcoding-host-ip-address-in-putty.html" "Mozilla/5.0 (Macintosh; Intel Mac OS X 10_11_2) AppleWebKit/537.36 (KHTML, like Gecko) Chrome/47.0.2526.111 Safari/537.36"
180.76.15.150 - - [26/Jan/2016:15:15:25 +0400] "GET / HTTP/1.1" 200 3359 "-" "Mozilla/5.0 (compatible; Baiduspider/2.0; +http://www.baidu.com/search/spider.html)"
180.76.15.33 - - [26/Jan/2016:15:15:31 +0400] "GET / HTTP/1.1" 200 3359 "-" "Mozilla/5.0 (compatible; Baiduspider/2.0; +http://www.baidu.com/search/spider.html)"
180.76.15.140 - - [26/Jan/2016:16:15:08 +0400] "GET / HTTP/1.1" 200 3359 "-" "Mozilla/5.0 (compatible; Baiduspider/2.0; +http://www.baidu.com/search/spider.html)"
180.76.15.12 - - [26/Jan/2016:16:15:10 +0400] "GET / HTTP/1.1" 200 3359 "-" "Mozilla/5.0 (compatible; Baiduspider/2.0; +http://www.baidu.com/search/spider.html)"
180.76.15.147 - - [26/Jan/2016:17:14:28 +0400] "GET / HTTP/1.1" 200 3359 "-" "Mozilla/5.0 (compatible; Baiduspider/2.0; +http://www.baidu.com/search/spider.html)"
180.76.15.146 - - [26/Jan/2016:17:14:30 +0400] "GET / HTTP/1.1" 200 3359 "-" "Mozilla/5.0 (compatible; Baiduspider/2.0; +http://www.baidu.com/search/spider.html)"
66.249.74.102 - - [26/Jan/2016:17:32:40 +0400] "GET /robots.txt HTTP/1.1" 200 24 "-" "Mozilla/5.0 (compatible; Googlebot/2.1; +http://www.google.com/bot.html)"
66.249.74.102 - - [26/Jan/2016:17:32:40 +0400] "GET / HTTP/1.1" 200 1003 "-" "Mozilla/5.0 (iPhone; CPU iPhone OS 8_3 like Mac OS X) AppleWebKit/600.1.4 (KHTML, like Gecko) Version/8.0 Mobile/12F70 Safari/600.1.4 (compatible; Googlebot/2.1; +http://www.google.com/bot.html)"
203.215.32.51 - - [26/Jan/2016:18:09:13 +0400] "GET / HTTP/1.1" 200 1003 "-" "Mozilla/5.0 (Windows NT 6.1; WOW64) AppleWebKit/537.36 (KHTML, like Gecko) Chrome/45.0.2454.85 Safari/537.36"
203.215.32.51 - - [26/Jan/2016:18:09:13 +0400] "GET /css/normalize.css HTTP/1.1" 200 2334 "http://raitis.veinbahs.lv/" "Mozilla/5.0 (Windows NT 6.1; WOW64) AppleWebKit/537.36 (KHTML, like Gecko) Chrome/45.0.2454.85 Safari/537.36"
203.215.32.51 - - [26/Jan/2016:18:09:13 +0400] "GET /css/style.css HTTP/1.1" 200 2568 "http://raitis.veinbahs.lv/" "Mozilla/5.0 (Windows NT 6.1; WOW64) AppleWebKit/537.36 (KHTML, like Gecko) Chrome/45.0.2454.85 Safari/537.36"
203.215.32.51 - - [26/Jan/2016:18:09:14 +0400] "GET /favicon.ico HTTP/1.1" 404 201 "http://raitis.veinbahs.lv/" "Mozilla/5.0 (Windows NT 6.1; WOW64) AppleWebKit/537.36 (KHTML, like Gecko) Chrome/45.0.2454.85 Safari/537.36"
203.215.32.51 - - [26/Jan/2016:18:09:41 +0400] "GET /posts/2015-04-02-determining-fixity-of-infix-functions.html HTTP/1.1" 200 838 "https://www.google.lv/" "Mozilla/5.0 (Windows NT 6.1; WOW64) AppleWebKit/537.36 (KHTML, like Gecko) Chrome/45.0.2454.85 Safari/537.36"
203.215.32.51 - - [26/Jan/2016:18:09:41 +0400] "GET /js/uninteresting.js HTTP/1.1" 200 1062 "http://raitis.veinbahs.lv/posts/2015-04-02-determining-fixity-of-infix-functions.html" "Mozilla/5.0 (Windows NT 6.1; WOW64) AppleWebKit/537.36 (KHTML, like Gecko) Chrome/45.0.2454.85 Safari/537.36"
180.76.15.31 - - [26/Jan/2016:18:13:32 +0400] "GET / HTTP/1.1" 200 3359 "-" "Mozilla/5.0 (compatible; Baiduspider/2.0; +http://www.baidu.com/search/spider.html)"
180.76.15.148 - - [26/Jan/2016:18:13:33 +0400] "GET / HTTP/1.1" 200 3359 "-" "Mozilla/5.0 (compatible; Baiduspider/2.0; +http://www.baidu.com/search/spider.html)"
203.215.32.51 - - [26/Jan/2016:18:21:24 +0400] "GET / HTTP/1.1" 304 0 "-" "Mozilla/5.0 (Windows NT 6.1; WOW64) AppleWebKit/537.36 (KHTML, like Gecko) Chrome/45.0.2454.85 Safari/537.36"
203.215.32.51 - - [26/Jan/2016:18:21:25 +0400] "GET /css/normalize.css HTTP/1.1" 304 0 "http://raitis.veinbahs.lv/" "Mozilla/5.0 (Windows NT 6.1; WOW64) AppleWebKit/537.36 (KHTML, like Gecko) Chrome/45.0.2454.85 Safari/537.36"
203.215.32.51 - - [26/Jan/2016:18:21:25 +0400] "GET /css/style.css HTTP/1.1" 304 0 "http://raitis.veinbahs.lv/" "Mozilla/5.0 (Windows NT 6.1; WOW64) AppleWebKit/537.36 (KHTML, like Gecko) Chrome/45.0.2454.85 Safari/537.36"
202.56.176.241 - - [26/Jan/2016:18:21:52 +0400] "GET /posts/2016-01-26-hardcoding-host-ip-address-in-putty.html HTTP/1.1" 200 2160 "-" "Mozilla/5.0 (Windows NT 6.3; WOW64; rv:43.0) Gecko/20100101 Firefox/43.0"
202.56.176.241 - - [26/Jan/2016:18:21:52 +0400] "GET /css/normalize.css HTTP/1.1" 200 2334 "http://raitis.veinbahs.lv/posts/2016-01-26-hardcoding-host-ip-address-in-putty.html" "Mozilla/5.0 (Windows NT 6.3; WOW64; rv:43.0) Gecko/20100101 Firefox/43.0"
202.56.176.241 - - [26/Jan/2016:18:21:52 +0400] "GET /css/style.css HTTP/1.1" 200 2568 "http://raitis.veinbahs.lv/posts/2016-01-26-hardcoding-host-ip-address-in-putty.html" "Mozilla/5.0 (Windows NT 6.3; WOW64; rv:43.0) Gecko/20100101 Firefox/43.0"
202.56.176.241 - - [26/Jan/2016:18:21:52 +0400] "GET /favicon.ico HTTP/1.1" 404 143 "-" "Mozilla/5.0 (Windows NT 6.3; WOW64; rv:43.0) Gecko/20100101 Firefox/43.0"
202.56.176.241 - - [26/Jan/2016:18:21:53 +0400] "GET /favicon.ico HTTP/1.1" 404 143 "-" "Mozilla/5.0 (Windows NT 6.3; WOW64; rv:43.0) Gecko/20100101 Firefox/43.0"
182.50.176.99 - - [26/Jan/2016:18:26:33 +0400] "GET /putty.exe HTTP/1.1" 200 717824 "-" "Mozilla/5.0 (Windows NT 6.3; WOW64) AppleWebKit/537.36 (KHTML, like Gecko) Chrome/47.0.2526.111 Safari/537.36"
180.76.15.139 - - [26/Jan/2016:19:15:35 +0400] "GET / HTTP/1.1" 200 3359 "-" "Mozilla/5.0 (compatible; Baiduspider/2.0; +http://www.baidu.com/search/spider.html)"
180.76.15.155 - - [26/Jan/2016:19:15:40 +0400] "GET / HTTP/1.1" 200 3359 "-" "Mozilla/5.0 (compatible; Baiduspider/2.0; +http://www.baidu.com/search/spider.html)"
202.56.176.241 - - [26/Jan/2016:19:48:44 +0400] "GET /posts/2016-01-26-hardcoding-host-ip-address-in-putty.html HTTP/1.1" 304 0 "-" "Mozilla/5.0 (Windows NT 6.3; WOW64; rv:43.0) Gecko/20100101 Firefox/43.0"
202.56.176.241 - - [26/Jan/2016:19:48:45 +0400] "GET /css/normalize.css HTTP/1.1" 304 0 "http://raitis.veinbahs.lv/posts/2016-01-26-hardcoding-host-ip-address-in-putty.html" "Mozilla/5.0 (Windows NT 6.3; WOW64; rv:43.0) Gecko/20100101 Firefox/43.0"
202.56.176.241 - - [26/Jan/2016:19:48:45 +0400] "GET /css/style.css HTTP/1.1" 304 0 "http://raitis.veinbahs.lv/posts/2016-01-26-hardcoding-host-ip-address-in-putty.html" "Mozilla/5.0 (Windows NT 6.3; WOW64; rv:43.0) Gecko/20100101 Firefox/43.0"
180.76.15.153 - - [26/Jan/2016:20:13:56 +0400] "GET / HTTP/1.1" 200 3359 "-" "Mozilla/5.0 (compatible; Baiduspider/2.0; +http://www.baidu.com/search/spider.html)"
180.76.15.140 - - [26/Jan/2016:20:13:57 +0400] "GET / HTTP/1.1" 200 3359 "-" "Mozilla/5.0 (compatible; Baiduspider/2.0; +http://www.baidu.com/search/spider.html)"
58.147.128.49 - - [26/Jan/2016:20:33:57 +0400] "GET / HTTP/1.1" 200 1003 "https://www.google.lv/" "Mozilla/5.0 (Macintosh; Intel Mac OS X 10_9_3) AppleWebKit/537.36 (KHTML, like Gecko) Chrome/47.0.2526.27 Safari/537.36"
58.147.128.49 - - [26/Jan/2016:20:33:57 +0400] "GET /css/normalize.css HTTP/1.1" 200 2334 "http://raitis.veinbahs.lv/" "Mozilla/5.0 (Macintosh; Intel Mac OS X 10_9_3) AppleWebKit/537.36 (KHTML, like Gecko) Chrome/47.0.2526.27 Safari/537.36"
58.147.128.49 - - [26/Jan/2016:20:33:57 +0400] "GET /css/style.css HTTP/1.1" 200 2568 "http://raitis.veinbahs.lv/" "Mozilla/5.0 (Macintosh; Intel Mac OS X 10_9_3) AppleWebKit/537.36 (KHTML, like Gecko) Chrome/47.0.2526.27 Safari/537.36"
58.147.128.49 - - [26/Jan/2016:20:33:59 +0400] "GET /favicon.ico HTTP/1.1" 404 201 "http://raitis.veinbahs.lv/" "Mozilla/5.0 (Macintosh; Intel Mac OS X 10_9_3) AppleWebKit/537.36 (KHTML, like Gecko) Chrome/47.0.2526.27 Safari/537.36"
58.147.128.49 - - [26/Jan/2016:20:34:35 +0400] "GET /posts/2015-05-18-a-simple-exercise-in-lambda-calculus.html HTTP/1.1" 200 2101 "http://raitis.veinbahs.lv/" "Mozilla/5.0 (Macintosh; Intel Mac OS X 10_9_3) AppleWebKit/537.36 (KHTML, like Gecko) Chrome/47.0.2526.27 Safari/537.36"
58.147.128.49 - - [26/Jan/2016:20:35:17 +0400] "GET / HTTP/1.1" 304 0 "https://www.google.lv/" "Mozilla/5.0 (Macintosh; Intel Mac OS X 10_9_3) AppleWebKit/537.36 (KHTML, like Gecko) Chrome/47.0.2526.27 Safari/537.36"
58.147.128.49 - - [26/Jan/2016:20:35:18 +0400] "GET /css/style.css HTTP/1.1" 304 0 "http://raitis.veinbahs.lv/" "Mozilla/5.0 (Macintosh; Intel Mac OS X 10_9_3) AppleWebKit/537.36 (KHTML, like Gecko) Chrome/47.0.2526.27 Safari/537.36"
58.147.128.49 - - [26/Jan/2016:20:35:18 +0400] "GET /css/normalize.css HTTP/1.1" 304 0 "http://raitis.veinbahs.lv/" "Mozilla/5.0 (Macintosh; Intel Mac OS X 10_9_3) AppleWebKit/537.36 (KHTML, like Gecko) Chrome/47.0.2526.27 Safari/537.36"
58.147.128.49 - - [26/Jan/2016:20:35:23 +0400] "GET /posts/2016-01-26-hardcoding-host-ip-address-in-putty.html HTTP/1.1" 200 2160 "http://raitis.veinbahs.lv/" "Mozilla/5.0 (Macintosh; Intel Mac OS X 10_9_3) AppleWebKit/537.36 (KHTML, like Gecko) Chrome/47.0.2526.27 Safari/537.36"
180.76.15.146 - - [26/Jan/2016:21:17:20 +0400] "GET / HTTP/1.1" 200 3359 "-" "Mozilla/5.0 (compatible; Baiduspider/2.0; +http://www.baidu.com/search/spider.html)"
180.76.15.33 - - [26/Jan/2016:21:17:23 +0400] "GET / HTTP/1.1" 200 3359 "-" "Mozilla/5.0 (compatible; Baiduspider/2.0; +http://www.baidu.com/search/spider.html)"
58.147.128.49 - - [26/Jan/2016:21:40:09 +0400] "GET /favicon.ico HTTP/1.1" 404 201 "http://raitis.veinbahs.lv/posts/2016-01-26-hardcoding-host-ip-address-in-putty.html" "Mozilla/5.0 (Macintosh; Intel Mac OS X 10_9_3) AppleWebKit/537.36 (KHTML, like Gecko) Chrome/47.0.2526.27 Safari/537.36"
180.76.15.25 - - [26/Jan/2016:22:14:07 +0400] "GET / HTTP/1.1" 200 3359 "-" "Mozilla/5.0 (compatible; Baiduspider/2.0; +http://www.baidu.com/search/spider.html)"
180.76.15.29 - - [26/Jan/2016:22:14:08 +0400] "GET / HTTP/1.1" 200 3359 "-" "Mozilla/5.0 (compatible; Baiduspider/2.0; +http://www.baidu.com/search/spider.html)"
180.76.15.28 - - [26/Jan/2016:23:16:05 +0400] "GET / HTTP/1.1" 200 3359 "-" "Mozilla/5.0 (compatible; Baiduspider/2.0; +http://www.baidu.com/search/spider.html)"
180.76.15.139 - - [26/Jan/2016:23:16:08 +0400] "GET / HTTP/1.1" 200 3359 "-" "Mozilla/5.0 (compatible; Baiduspider/2.0; +http://www.baidu.com/search/spider.html)"
180.76.15.5 - - [26/Jan/2016:23:31:58 +0400] "GET /posts/2015-08-10-master-version-controller.html HTTP/1.1" 200 1249 "-" "Mozilla/5.0 (compatible; Baiduspider/2.0; +http://www.baidu.com/search/spider.html)"
125.213.192.100 - - [27/Jan/2016:00:54:10 +0400] "GET / HTTP/1.1" 304 0 "-" "Mozilla/5.0 (Windows NT 6.1; WOW64) AppleWebKit/537.36 (KHTML, like Gecko) Chrome/45.0.2454.85 Safari/537.36"
125.213.192.100 - - [27/Jan/2016:00:54:10 +0400] "GET /css/style.css HTTP/1.1" 304 0 "http://raitis.veinbahs.lv/" "Mozilla/5.0 (Windows NT 6.1; WOW64) AppleWebKit/537.36 (KHTML, like Gecko) Chrome/45.0.2454.85 Safari/537.36"
125.213.192.100 - - [27/Jan/2016:00:54:10 +0400] "GET /css/normalize.css HTTP/1.1" 304 0 "http://raitis.veinbahs.lv/" "Mozilla/5.0 (Windows NT 6.1; WOW64) AppleWebKit/537.36 (KHTML, like Gecko) Chrome/45.0.2454.85 Safari/537.36"
180.76.15.11 - - [27/Jan/2016:01:14:02 +0400] "GET / HTTP/1.1" 200 3359 "-" "Mozilla/5.0 (compatible; Baiduspider/2.0; +http://www.baidu.com/search/spider.html)"
180.76.15.139 - - [27/Jan/2016:01:14:06 +0400] "GET / HTTP/1.1" 200 3359 "-" "Mozilla/5.0 (compatible; Baiduspider/2.0; +http://www.baidu.com/search/spider.html)"
180.76.15.16 - - [27/Jan/2016:02:13:45 +0400] "GET / HTTP/1.1" 200 3359 "-" "Mozilla/5.0 (compatible; Baiduspider/2.0; +http://www.baidu.com/search/spider.html)"
180.76.15.30 - - [27/Jan/2016:02:13:45 +0400] "GET / HTTP/1.1" 200 3359 "-" "Mozilla/5.0 (compatible; Baiduspider/2.0; +http://www.baidu.com/search/spider.html)"
180.76.15.140 - - [27/Jan/2016:03:14:43 +0400] "GET / HTTP/1.1" 200 3359 "-" "Mozilla/5.0 (compatible; Baiduspider/2.0; +http://www.baidu.com/search/spider.html)"
180.76.15.137 - - [27/Jan/2016:03:14:46 +0400] "GET / HTTP/1.1" 200 3359 "-" "Mozilla/5.0 (compatible; Baiduspider/2.0; +http://www.baidu.com/search/spider.html)"
180.76.15.7 - - [27/Jan/2016:04:14:25 +0400] "GET / HTTP/1.1" 200 3359 "-" "Mozilla/5.0 (compatible; Baiduspider/2.0; +http://www.baidu.com/search/spider.html)"
180.76.15.152 - - [27/Jan/2016:04:14:27 +0400] "GET / HTTP/1.1" 200 3359 "-" "Mozilla/5.0 (compatible; Baiduspider/2.0; +http://www.baidu.com/search/spider.html)"
180.76.15.34 - - [27/Jan/2016:05:14:52 +0400] "GET / HTTP/1.1" 200 3359 "-" "Mozilla/5.0 (compatible; Baiduspider/2.0; +http://www.baidu.com/search/spider.html)"
180.76.15.32 - - [27/Jan/2016:05:14:55 +0400] "GET / HTTP/1.1" 200 3359 "-" "Mozilla/5.0 (compatible; Baiduspider/2.0; +http://www.baidu.com/search/spider.html)"
66.249.74.100 - - [27/Jan/2016:05:22:55 +0400] "GET /posts/2014-12-07-beta-reduction-of-metaprograms.html HTTP/1.1" 200 1352 "-" "Mozilla/5.0 (iPhone; CPU iPhone OS 8_3 like Mac OS X) AppleWebKit/600.1.4 (KHTML, like Gecko) Version/8.0 Mobile/12F70 Safari/600.1.4 (compatible; Googlebot/2.1; +http://www.google.com/bot.html)"
180.76.15.5 - - [27/Jan/2016:06:13:51 +0400] "GET / HTTP/1.1" 200 3359 "-" "Mozilla/5.0 (compatible; Baiduspider/2.0; +http://www.baidu.com/search/spider.html)"
180.76.15.15 - - [27/Jan/2016:06:13:52 +0400] "GET / HTTP/1.1" 200 3359 "-" "Mozilla/5.0 (compatible; Baiduspider/2.0; +http://www.baidu.com/search/spider.html)"
180.76.15.8 - - [27/Jan/2016:07:16:09 +0400] "GET / HTTP/1.1" 200 3359 "-" "Mozilla/5.0 (compatible; Baiduspider/2.0; +http://www.baidu.com/search/spider.html)"
180.76.15.136 - - [27/Jan/2016:07:16:15 +0400] "GET / HTTP/1.1" 200 3359 "-" "Mozilla/5.0 (compatible; Baiduspider/2.0; +http://www.baidu.com/search/spider.html)"
66.249.74.98 - - [27/Jan/2016:08:04:39 +0400] "GET /css/style.css HTTP/1.1" 200 2568 "-" "Mozilla/5.0 (compatible; Googlebot/2.1; +http://www.google.com/bot.html)"
66.249.74.98 - - [27/Jan/2016:08:04:40 +0400] "GET /css/normalize.css HTTP/1.1" 200 2334 "-" "Mozilla/5.0 (compatible; Googlebot/2.1; +http://www.google.com/bot.html)"
180.76.15.17 - - [27/Jan/2016:08:13:56 +0400] "GET / HTTP/1.1" 200 3359 "-" "Mozilla/5.0 (compatible; Baiduspider/2.0; +http://www.baidu.com/search/spider.html)"
180.76.15.140 - - [27/Jan/2016:08:13:57 +0400] "GET / HTTP/1.1" 200 3359 "-" "Mozilla/5.0 (compatible; Baiduspider/2.0; +http://www.baidu.com/search/spider.html)"
180.76.15.33 - - [27/Jan/2016:09:16:48 +0400] "GET / HTTP/1.1" 200 3359 "-" "Mozilla/5.0 (compatible; Baiduspider/2.0; +http://www.baidu.com/search/spider.html)"
180.76.15.160 - - [27/Jan/2016:09:16:50 +0400] "GET / HTTP/1.1" 200 3359 "-" "Mozilla/5.0 (compatible; Baiduspider/2.0; +http://www.baidu.com/search/spider.html)"
66.249.74.102 - - [27/Jan/2016:09:52:15 +0400] "GET / HTTP/1.1" 200 1003 "-" "Mozilla/5.0 (compatible; Googlebot/2.1; +http://www.google.com/bot.html)"
66.249.74.100 - - [27/Jan/2016:09:55:54 +0400] "GET /posts/2014-12-07-beta-reduction-of-metaprograms.html HTTP/1.1" 200 1352 "-" "Mozilla/5.0 (compatible; Googlebot/2.1; +http://www.google.com/bot.html)"
66.249.74.100 - - [27/Jan/2016:09:56:26 +0400] "GET /posts/2016-01-26-hardcoding-host-ip-address-in-putty.html HTTP/1.1" 200 2160 "-" "Mozilla/5.0 (compatible; Googlebot/2.1; +http://www.google.com/bot.html)"
66.249.74.100 - - [27/Jan/2016:09:56:27 +0400] "GET /posts/2014-10-08-glorifying-irc.html HTTP/1.1" 200 1288 "-" "Mozilla/5.0 (compatible; Googlebot/2.1; +http://www.google.com/bot.html)"
66.249.74.98 - - [27/Jan/2016:09:57:10 +0400] "GET /posts/2015-12-16-python-cannot-even-uniq.html HTTP/1.1" 200 1846 "-" "Mozilla/5.0 (compatible; Googlebot/2.1; +http://www.google.com/bot.html)"
66.249.74.100 - - [27/Jan/2016:09:58:27 +0400] "GET /posts/2015-08-10-master-version-controller.html HTTP/1.1" 200 1249 "-" "Mozilla/5.0 (compatible; Googlebot/2.1; +http://www.google.com/bot.html)"
66.249.74.100 - - [27/Jan/2016:10:00:08 +0400] "GET /posts/2016-01-06-finite-groups-e-an-for-every-a.html HTTP/1.1" 200 684 "-" "Mozilla/5.0 (compatible; Googlebot/2.1; +http://www.google.com/bot.html)"
180.76.15.154 - - [27/Jan/2016:10:17:51 +0400] "GET / HTTP/1.1" 200 3359 "-" "Mozilla/5.0 (compatible; Baiduspider/2.0; +http://www.baidu.com/search/spider.html)"
180.76.15.138 - - [27/Jan/2016:10:17:53 +0400] "GET / HTTP/1.1" 200 3359 "-" "Mozilla/5.0 (compatible; Baiduspider/2.0; +http://www.baidu.com/search/spider.html)"
180.76.15.157 - - [27/Jan/2016:11:15:28 +0400] "GET / HTTP/1.1" 200 3359 "-" "Mozilla/5.0 (compatible; Baiduspider/2.0; +http://www.baidu.com/search/spider.html)"
180.76.15.147 - - [27/Jan/2016:11:15:30 +0400] "GET / HTTP/1.1" 200 3359 "-" "Mozilla/5.0 (compatible; Baiduspider/2.0; +http://www.baidu.com/search/spider.html)"
66.249.74.102 - - [27/Jan/2016:11:55:34 +0400] "GET / HTTP/1.1" 200 1003 "-" "Mozilla/5.0 (compatible; Googlebot/2.1; +http://www.google.com/bot.html)"
66.249.74.102 - - [27/Jan/2016:11:55:43 +0400] "GET /css/style.css HTTP/1.1" 304 0 "-" "Mozilla/5.0 (compatible; Googlebot/2.1; +http://www.google.com/bot.html)"
66.249.74.98 - - [27/Jan/2016:11:55:43 +0400] "GET /css/normalize.css HTTP/1.1" 304 0 "-" "Mozilla/5.0 (compatible; Googlebot/2.1; +http://www.google.com/bot.html)"
180.76.15.13 - - [27/Jan/2016:12:14:33 +0400] "GET / HTTP/1.1" 200 3359 "-" "Mozilla/5.0 (compatible; Baiduspider/2.0; +http://www.baidu.com/search/spider.html)"
180.76.15.20 - - [27/Jan/2016:12:14:34 +0400] "GET / HTTP/1.1" 200 3359 "-" "Mozilla/5.0 (compatible; Baiduspider/2.0; +http://www.baidu.com/search/spider.html)"
180.76.15.25 - - [27/Jan/2016:13:16:33 +0400] "GET / HTTP/1.1" 200 3359 "-" "Mozilla/5.0 (compatible; Baiduspider/2.0; +http://www.baidu.com/search/spider.html)"
180.76.15.16 - - [27/Jan/2016:13:16:36 +0400] "GET / HTTP/1.1" 200 3359 "-" "Mozilla/5.0 (compatible; Baiduspider/2.0; +http://www.baidu.com/search/spider.html)"
180.76.15.146 - - [27/Jan/2016:14:15:35 +0400] "GET / HTTP/1.1" 200 3359 "-" "Mozilla/5.0 (compatible; Baiduspider/2.0; +http://www.baidu.com/search/spider.html)"
180.76.15.6 - - [27/Jan/2016:14:15:40 +0400] "GET / HTTP/1.1" 200 3359 "-" "Mozilla/5.0 (compatible; Baiduspider/2.0; +http://www.baidu.com/search/spider.html)"
180.76.15.151 - - [27/Jan/2016:15:15:15 +0400] "GET / HTTP/1.1" 200 3359 "-" "Mozilla/5.0 (compatible; Baiduspider/2.0; +http://www.baidu.com/search/spider.html)"
66.249.74.100 - - [27/Jan/2016:15:15:15 +0400] "GET /posts/2015-05-18-a-simple-exercise-in-lambda-calculus.html HTTP/1.1" 200 2101 "-" "Mozilla/5.0 (compatible; Googlebot/2.1; +http://www.google.com/bot.html)"
180.76.15.12 - - [27/Jan/2016:15:15:20 +0400] "GET / HTTP/1.1" 200 3359 "-" "Mozilla/5.0 (compatible; Baiduspider/2.0; +http://www.baidu.com/search/spider.html)"
66.249.74.98 - - [27/Jan/2016:15:25:35 +0400] "GET / HTTP/1.1" 200 1003 "-" "Mozilla/5.0 (compatible; Googlebot/2.1; +http://www.google.com/bot.html)"
66.249.74.102 - - [27/Jan/2016:15:28:44 +0400] "GET /posts/2014-10-08-what-i-like-about-irc.html HTTP/1.1" 200 977 "-" "Mozilla/5.0 (compatible; Googlebot/2.1; +http://www.google.com/bot.html)"
180.76.15.19 - - [27/Jan/2016:16:14:16 +0400] "GET / HTTP/1.1" 200 3359 "-" "Mozilla/5.0 (compatible; Baiduspider/2.0; +http://www.baidu.com/search/spider.html)"
180.76.15.19 - - [27/Jan/2016:16:14:18 +0400] "GET / HTTP/1.1" 200 3359 "-" "Mozilla/5.0 (compatible; Baiduspider/2.0; +http://www.baidu.com/search/spider.html)"
66.249.74.100 - - [27/Jan/2016:17:12:03 +0400] "GET / HTTP/1.1" 200 1003 "-" "Mozilla/5.0 (iPhone; CPU iPhone OS 8_3 like Mac OS X) AppleWebKit/600.1.4 (KHTML, like Gecko) Version/8.0 Mobile/12F70 Safari/600.1.4 (compatible; Googlebot/2.1; +http://www.google.com/bot.html)"
125.213.192.100 - - [27/Jan/2016:17:40:11 +0400] "GET /2013/03/04/extracting-files-from-git-repo.html HTTP/1.1" 200 1360 "-" "Mozilla/5.0 (Windows NT 6.1; WOW64) AppleWebKit/537.36 (KHTML, like Gecko) Chrome/45.0.2454.85 Safari/537.36"
125.213.192.100 - - [27/Jan/2016:17:40:11 +0400] "GET /css/normalize.css HTTP/1.1" 200 2334 "http://raitis.veinbahs.lv/2013/03/04/extracting-files-from-git-repo.html" "Mozilla/5.0 (Windows NT 6.1; WOW64) AppleWebKit/537.36 (KHTML, like Gecko) Chrome/45.0.2454.85 Safari/537.36"
125.213.192.100 - - [27/Jan/2016:17:40:11 +0400] "GET /css/main.css HTTP/1.1" 200 3173 "http://raitis.veinbahs.lv/2013/03/04/extracting-files-from-git-repo.html" "Mozilla/5.0 (Windows NT 6.1; WOW64) AppleWebKit/537.36 (KHTML, like Gecko) Chrome/45.0.2454.85 Safari/537.36"
125.213.192.100 - - [27/Jan/2016:17:40:11 +0400] "GET /js/uninteresting.js HTTP/1.1" 200 1062 "http://raitis.veinbahs.lv/2013/03/04/extracting-files-from-git-repo.html" "Mozilla/5.0 (Windows NT 6.1; WOW64) AppleWebKit/537.36 (KHTML, like Gecko) Chrome/45.0.2454.85 Safari/537.36"
125.213.192.100 - - [27/Jan/2016:17:40:12 +0400] "GET /img/sprite.png HTTP/1.1" 200 15523 "http://raitis.veinbahs.lv/css/main.css" "Mozilla/5.0 (Windows NT 6.1; WOW64) AppleWebKit/537.36 (KHTML, like Gecko) Chrome/45.0.2454.85 Safari/537.36"
125.213.192.100 - - [27/Jan/2016:17:40:12 +0400] "GET /favicon.ico HTTP/1.1" 404 201 "http://raitis.veinbahs.lv/2013/03/04/extracting-files-from-git-repo.html" "Mozilla/5.0 (Windows NT 6.1; WOW64) AppleWebKit/537.36 (KHTML, like Gecko) Chrome/45.0.2454.85 Safari/537.36"
173.252.115.194 - - [27/Jan/2016:17:49:35 +0400] "GET /pic.png HTTP/1.1" 404 143 "-" "facebookexternalhit/1.1"
173.252.90.231 - - [27/Jan/2016:17:49:35 +0400] "GET /pic.png HTTP/1.1" 404 143 "-" "facebookexternalhit/1.1 (+http://www.facebook.com/externalhit_uatext.php)"
125.213.192.100 - - [27/Jan/2016:17:49:35 +0400] "GET /pic.png HTTP/1.1" 404 201 "https://www.facebook.com/" "Mozilla/5.0 (Windows NT 6.1; WOW64) AppleWebKit/537.36 (KHTML, like Gecko) Chrome/45.0.2454.85 Safari/537.36"
125.213.192.100 - - [27/Jan/2016:17:49:35 +0400] "GET /favicon.ico HTTP/1.1" 404 201 "http://raitis.veinbahs.lv/pic.png" "Mozilla/5.0 (Windows NT 6.1; WOW64) AppleWebKit/537.36 (KHTML, like Gecko) Chrome/45.0.2454.85 Safari/537.36"
180.76.15.33 - - [27/Jan/2016:18:14:18 +0400] "GET / HTTP/1.1" 200 3359 "-" "Mozilla/5.0 (compatible; Baiduspider/2.0; +http://www.baidu.com/search/spider.html)"
180.76.15.34 - - [27/Jan/2016:18:14:22 +0400] "GET / HTTP/1.1" 200 3359 "-" "Mozilla/5.0 (compatible; Baiduspider/2.0; +http://www.baidu.com/search/spider.html)"
180.76.15.23 - - [27/Jan/2016:19:15:43 +0400] "GET / HTTP/1.1" 200 3359 "-" "Mozilla/5.0 (compatible; Baiduspider/2.0; +http://www.baidu.com/search/spider.html)"
180.76.15.26 - - [27/Jan/2016:19:15:49 +0400] "GET / HTTP/1.1" 200 3359 "-" "Mozilla/5.0 (compatible; Baiduspider/2.0; +http://www.baidu.com/search/spider.html)"
180.76.15.162 - - [27/Jan/2016:20:13:53 +0400] "GET / HTTP/1.1" 200 3359 "-" "Mozilla/5.0 (compatible; Baiduspider/2.0; +http://www.baidu.com/search/spider.html)"
180.76.15.8 - - [27/Jan/2016:20:13:55 +0400] "GET / HTTP/1.1" 200 3359 "-" "Mozilla/5.0 (compatible; Baiduspider/2.0; +http://www.baidu.com/search/spider.html)"
180.76.15.8 - - [27/Jan/2016:21:16:46 +0400] "GET / HTTP/1.1" 200 3359 "-" "Mozilla/5.0 (compatible; Baiduspider/2.0; +http://www.baidu.com/search/spider.html)"
180.76.15.24 - - [27/Jan/2016:21:16:50 +0400] "GET / HTTP/1.1" 200 3359 "-" "Mozilla/5.0 (compatible; Baiduspider/2.0; +http://www.baidu.com/search/spider.html)"
180.76.15.31 - - [27/Jan/2016:22:14:08 +0400] "GET / HTTP/1.1" 200 3359 "-" "Mozilla/5.0 (compatible; Baiduspider/2.0; +http://www.baidu.com/search/spider.html)"
180.76.15.157 - - [27/Jan/2016:22:14:10 +0400] "GET / HTTP/1.1" 200 3359 "-" "Mozilla/5.0 (compatible; Baiduspider/2.0; +http://www.baidu.com/search/spider.html)"
66.249.69.117 - - [27/Jan/2016:23:07:29 +0400] "GET /robots.txt HTTP/1.1" 200 24 "-" "Mozilla/5.0 (compatible; Googlebot/2.1; +http://www.google.com/bot.html)"
66.249.69.109 - - [27/Jan/2016:23:07:29 +0400] "GET /posts/2014-09-23-duplicating-streams-in-nix-and-pointful-shell-programming.html HTTP/1.1" 200 2051 "-" "Mozilla/5.0 (compatible; Googlebot/2.1; +http://www.google.com/bot.html)"
180.76.15.134 - - [27/Jan/2016:23:15:14 +0400] "GET / HTTP/1.1" 200 3359 "-" "Mozilla/5.0 (compatible; Baiduspider/2.0; +http://www.baidu.com/search/spider.html)"
180.76.15.152 - - [27/Jan/2016:23:15:17 +0400] "GET / HTTP/1.1" 200 3359 "-" "Mozilla/5.0 (compatible; Baiduspider/2.0; +http://www.baidu.com/search/spider.html)"
180.76.15.141 - - [27/Jan/2016:23:16:28 +0400] "GET / HTTP/1.1" 200 1003 "-" "Mozilla/5.0 (compatible; Baiduspider/2.0; +http://www.baidu.com/search/spider.html)"
66.249.69.117 - - [27/Jan/2016:23:38:28 +0400] "GET /2012/12/30/initial-commit.html HTTP/1.1" 200 1035 "-" "Mozilla/5.0 (compatible; Googlebot/2.1; +http://www.google.com/bot.html)"
180.76.15.22 - - [27/Jan/2016:23:49:57 +0400] "GET /posts/2016-01-26-hardcoding-host-ip-address-in-putty.html HTTP/1.1" 200 2160 "-" "Mozilla/5.0 (compatible; Baiduspider/2.0; +http://www.baidu.com/search/spider.html)"
180.76.15.10 - - [28/Jan/2016:00:15:27 +0400] "GET / HTTP/1.1" 200 3359 "-" "Mozilla/5.0 (compatible; Baiduspider/2.0; +http://www.baidu.com/search/spider.html)"
180.76.15.137 - - [28/Jan/2016:00:15:31 +0400] "GET / HTTP/1.1" 200 3359 "-" "Mozilla/5.0 (compatible; Baiduspider/2.0; +http://www.baidu.com/search/spider.html)"
66.249.69.109 - - [28/Jan/2016:00:30:39 +0400] "GET /posts/2015-08-10-master-version-controller.html HTTP/1.1" 200 1249 "-" "Mozilla/5.0 (compatible; Googlebot/2.1; +http://www.google.com/bot.html)"
66.249.69.122 - - [28/Jan/2016:00:58:18 +0400] "GET /posts/2015-05-22-adding-context-to-window-managers-keybinds.html HTTP/1.1" 200 1839 "-" "Mozilla/5.0 (compatible; Googlebot/2.1; +http://www.google.com/bot.html)"
180.76.15.144 - - [28/Jan/2016:01:15:05 +0400] "GET / HTTP/1.1" 200 3359 "-" "Mozilla/5.0 (compatible; Baiduspider/2.0; +http://www.baidu.com/search/spider.html)"
180.76.15.14 - - [28/Jan/2016:01:15:09 +0400] "GET / HTTP/1.1" 200 3359 "-" "Mozilla/5.0 (compatible; Baiduspider/2.0; +http://www.baidu.com/search/spider.html)"
180.76.15.8 - - [28/Jan/2016:02:14:05 +0400] "GET / HTTP/1.1" 200 3359 "-" "Mozilla/5.0 (compatible; Baiduspider/2.0; +http://www.baidu.com/search/spider.html)"
180.76.15.140 - - [28/Jan/2016:02:14:06 +0400] "GET / HTTP/1.1" 200 3359 "-" "Mozilla/5.0 (compatible; Baiduspider/2.0; +http://www.baidu.com/search/spider.html)"
66.249.69.109 - - [28/Jan/2016:02:14:59 +0400] "GET /posts/2014-12-07-beta-reduction-of-metaprograms.html HTTP/1.1" 200 1352 "-" "Mozilla/5.0 (compatible; Googlebot/2.1; +http://www.google.com/bot.html)"
180.76.15.146 - - [28/Jan/2016:03:14:59 +0400] "GET / HTTP/1.1" 200 3359 "-" "Mozilla/5.0 (compatible; Baiduspider/2.0; +http://www.baidu.com/search/spider.html)"
180.76.15.31 - - [28/Jan/2016:03:15:02 +0400] "GET / HTTP/1.1" 200 3359 "-" "Mozilla/5.0 (compatible; Baiduspider/2.0; +http://www.baidu.com/search/spider.html)"
180.76.15.12 - - [28/Jan/2016:04:14:46 +0400] "GET / HTTP/1.1" 200 3359 "-" "Mozilla/5.0 (compatible; Baiduspider/2.0; +http://www.baidu.com/search/spider.html)"
180.76.15.156 - - [28/Jan/2016:04:14:49 +0400] "GET / HTTP/1.1" 200 3359 "-" "Mozilla/5.0 (compatible; Baiduspider/2.0; +http://www.baidu.com/search/spider.html)"
180.76.15.30 - - [28/Jan/2016:05:15:02 +0400] "GET / HTTP/1.1" 200 3359 "-" "Mozilla/5.0 (compatible; Baiduspider/2.0; +http://www.baidu.com/search/spider.html)"
180.76.15.139 - - [28/Jan/2016:05:15:05 +0400] "GET / HTTP/1.1" 200 3359 "-" "Mozilla/5.0 (compatible; Baiduspider/2.0; +http://www.baidu.com/search/spider.html)"
180.76.15.163 - - [28/Jan/2016:06:13:40 +0400] "GET / HTTP/1.1" 200 3359 "-" "Mozilla/5.0 (compatible; Baiduspider/2.0; +http://www.baidu.com/search/spider.html)"
180.76.15.23 - - [28/Jan/2016:06:13:41 +0400] "GET / HTTP/1.1" 200 3359 "-" "Mozilla/5.0 (compatible; Baiduspider/2.0; +http://www.baidu.com/search/spider.html)"
180.76.15.21 - - [28/Jan/2016:07:13:50 +0400] "GET / HTTP/1.1" 200 3359 "-" "Mozilla/5.0 (compatible; Baiduspider/2.0; +http://www.baidu.com/search/spider.html)"
180.76.15.33 - - [28/Jan/2016:07:13:51 +0400] "GET / HTTP/1.1" 200 3359 "-" "Mozilla/5.0 (compatible; Baiduspider/2.0; +http://www.baidu.com/search/spider.html)"
180.76.15.11 - - [28/Jan/2016:08:13:45 +0400] "GET / HTTP/1.1" 200 3359 "-" "Mozilla/5.0 (compatible; Baiduspider/2.0; +http://www.baidu.com/search/spider.html)"
180.76.15.16 - - [28/Jan/2016:08:13:47 +0400] "GET / HTTP/1.1" 200 3359 "-" "Mozilla/5.0 (compatible; Baiduspider/2.0; +http://www.baidu.com/search/spider.html)"
180.76.15.18 - - [28/Jan/2016:09:16:59 +0400] "GET / HTTP/1.1" 200 3359 "-" "Mozilla/5.0 (compatible; Baiduspider/2.0; +http://www.baidu.com/search/spider.html)"
180.76.15.12 - - [28/Jan/2016:09:17:01 +0400] "GET / HTTP/1.1" 200 3359 "-" "Mozilla/5.0 (compatible; Baiduspider/2.0; +http://www.baidu.com/search/spider.html)"
180.76.15.163 - - [28/Jan/2016:10:19:04 +0400] "GET / HTTP/1.1" 200 3359 "-" "Mozilla/5.0 (compatible; Baiduspider/2.0; +http://www.baidu.com/search/spider.html)"
180.76.15.14 - - [28/Jan/2016:10:19:06 +0400] "GET / HTTP/1.1" 200 3359 "-" "Mozilla/5.0 (compatible; Baiduspider/2.0; +http://www.baidu.com/search/spider.html)"
180.76.15.139 - - [28/Jan/2016:11:15:24 +0400] "GET / HTTP/1.1" 200 3359 "-" "Mozilla/5.0 (compatible; Baiduspider/2.0; +http://www.baidu.com/search/spider.html)"
180.76.15.144 - - [28/Jan/2016:11:15:28 +0400] "GET / HTTP/1.1" 200 3359 "-" "Mozilla/5.0 (compatible; Baiduspider/2.0; +http://www.baidu.com/search/spider.html)"
180.76.15.150 - - [28/Jan/2016:12:14:06 +0400] "GET / HTTP/1.1" 200 3359 "-" "Mozilla/5.0 (compatible; Baiduspider/2.0; +http://www.baidu.com/search/spider.html)"
180.76.15.10 - - [28/Jan/2016:12:14:07 +0400] "GET / HTTP/1.1" 200 3359 "-" "Mozilla/5.0 (compatible; Baiduspider/2.0; +http://www.baidu.com/search/spider.html)"
180.76.15.31 - - [28/Jan/2016:13:16:35 +0400] "GET / HTTP/1.1" 200 3359 "-" "Mozilla/5.0 (compatible; Baiduspider/2.0; +http://www.baidu.com/search/spider.html)"
180.76.15.16 - - [28/Jan/2016:13:16:41 +0400] "GET / HTTP/1.1" 200 3359 "-" "Mozilla/5.0 (compatible; Baiduspider/2.0; +http://www.baidu.com/search/spider.html)"
180.76.15.146 - - [28/Jan/2016:14:15:38 +0400] "GET / HTTP/1.1" 200 3359 "-" "Mozilla/5.0 (compatible; Baiduspider/2.0; +http://www.baidu.com/search/spider.html)"
180.76.15.26 - - [28/Jan/2016:14:15:42 +0400] "GET / HTTP/1.1" 200 3359 "-" "Mozilla/5.0 (compatible; Baiduspider/2.0; +http://www.baidu.com/search/spider.html)"
180.76.15.9 - - [28/Jan/2016:15:15:49 +0400] "GET / HTTP/1.1" 200 3359 "-" "Mozilla/5.0 (compatible; Baiduspider/2.0; +http://www.baidu.com/search/spider.html)"
180.76.15.162 - - [28/Jan/2016:15:15:54 +0400] "GET / HTTP/1.1" 200 3359 "-" "Mozilla/5.0 (compatible; Baiduspider/2.0; +http://www.baidu.com/search/spider.html)"
180.76.15.5 - - [28/Jan/2016:15:45:14 +0400] "GET /posts/2014-10-08-glorifying-irc.html HTTP/1.1" 200 1288 "-" "Mozilla/5.0 (compatible; Baiduspider/2.0; +http://www.baidu.com/search/spider.html)"
180.76.15.149 - - [28/Jan/2016:16:14:33 +0400] "GET / HTTP/1.1" 200 3359 "-" "Mozilla/5.0 (compatible; Baiduspider/2.0; +http://www.baidu.com/search/spider.html)"
180.76.15.163 - - [28/Jan/2016:16:14:34 +0400] "GET / HTTP/1.1" 200 3359 "-" "Mozilla/5.0 (compatible; Baiduspider/2.0; +http://www.baidu.com/search/spider.html)"
66.249.69.122 - - [28/Jan/2016:16:40:46 +0400] "GET /code.html HTTP/1.1" 200 1277 "-" "Mozilla/5.0 (compatible; Googlebot/2.1; +http://www.google.com/bot.html)"
180.76.15.21 - - [28/Jan/2016:17:14:49 +0400] "GET / HTTP/1.1" 200 3359 "-" "Mozilla/5.0 (compatible; Baiduspider/2.0; +http://www.baidu.com/search/spider.html)"
180.76.15.18 - - [28/Jan/2016:17:14:51 +0400] "GET / HTTP/1.1" 200 3359 "-" "Mozilla/5.0 (compatible; Baiduspider/2.0; +http://www.baidu.com/search/spider.html)"
124.199.112.49 - - [28/Jan/2016:17:17:50 +0400] "GET /wp-login.php HTTP/1.1" 404 143 "-" "-"
124.199.112.49 - - [28/Jan/2016:17:17:51 +0400] "GET /administrator/index.php HTTP/1.1" 404 143 "-" "-"
124.199.112.49 - - [28/Jan/2016:17:17:52 +0400] "GET / HTTP/1.1" 200 1003 "-" "-"
66.249.69.109 - - [28/Jan/2016:18:55:46 +0400] "GET /posts/2013-06-04-package-manager-hell.html HTTP/1.1" 200 1355 "-" "Mozilla/5.0 (compatible; Googlebot/2.1; +http://www.google.com/bot.html)"
180.76.15.22 - - [28/Jan/2016:19:14:27 +0400] "GET / HTTP/1.1" 200 3359 "-" "Mozilla/5.0 (compatible; Baiduspider/2.0; +http://www.baidu.com/search/spider.html)"
180.76.15.6 - - [28/Jan/2016:19:14:33 +0400] "GET / HTTP/1.1" 200 3359 "-" "Mozilla/5.0 (compatible; Baiduspider/2.0; +http://www.baidu.com/search/spider.html)"
180.76.15.157 - - [28/Jan/2016:20:13:58 +0400] "GET / HTTP/1.1" 200 3359 "-" "Mozilla/5.0 (compatible; Baiduspider/2.0; +http://www.baidu.com/search/spider.html)"
180.76.15.137 - - [28/Jan/2016:20:14:00 +0400] "GET / HTTP/1.1" 200 3359 "-" "Mozilla/5.0 (compatible; Baiduspider/2.0; +http://www.baidu.com/search/spider.html)"
180.76.15.148 - - [28/Jan/2016:20:24:46 +0400] "GET /posts/2014-10-08-glorifying-irc.html HTTP/1.1" 200 1288 "-" "Mozilla/5.0 (compatible; Baiduspider/2.0; +http://www.baidu.com/search/spider.html)"
180.76.15.144 - - [28/Jan/2016:20:58:15 +0400] "GET / HTTP/1.1" 200 1003 "-" "Mozilla/5.0 (compatible; Baiduspider/2.0; +http://www.baidu.com/search/spider.html)"
180.76.15.16 - - [28/Jan/2016:21:15:02 +0400] "GET / HTTP/1.1" 200 3359 "-" "Mozilla/5.0 (compatible; Baiduspider/2.0; +http://www.baidu.com/search/spider.html)"
180.76.15.7 - - [28/Jan/2016:21:15:05 +0400] "GET / HTTP/1.1" 200 3359 "-" "Mozilla/5.0 (compatible; Baiduspider/2.0; +http://www.baidu.com/search/spider.html)"
180.76.15.19 - - [28/Jan/2016:22:14:23 +0400] "GET / HTTP/1.1" 200 3359 "-" "Mozilla/5.0 (compatible; Baiduspider/2.0; +http://www.baidu.com/search/spider.html)"
180.76.15.142 - - [28/Jan/2016:22:14:25 +0400] "GET / HTTP/1.1" 200 3359 "-" "Mozilla/5.0 (compatible; Baiduspider/2.0; +http://www.baidu.com/search/spider.html)"
66.249.69.117 - - [28/Jan/2016:22:30:07 +0400] "GET / HTTP/1.1" 200 1003 "-" "Mozilla/5.0 (compatible; Googlebot/2.1; +http://www.google.com/bot.html)"
66.249.69.109 - - [28/Jan/2016:22:54:47 +0400] "GET /about.html HTTP/1.1" 200 766 "-" "Mozilla/5.0 (compatible; Googlebot/2.1; +http://www.google.com/bot.html)"
180.76.15.21 - - [28/Jan/2016:23:15:30 +0400] "GET / HTTP/1.1" 200 3359 "-" "Mozilla/5.0 (compatible; Baiduspider/2.0; +http://www.baidu.com/search/spider.html)"
180.76.15.22 - - [28/Jan/2016:23:15:31 +0400] "GET / HTTP/1.1" 200 3359 "-" "Mozilla/5.0 (compatible; Baiduspider/2.0; +http://www.baidu.com/search/spider.html)"
66.249.69.109 - - [28/Jan/2016:23:38:00 +0400] "GET /robots.txt HTTP/1.1" 200 24 "-" "Mozilla/5.0 (compatible; Googlebot/2.1; +http://www.google.com/bot.html)"
66.249.69.122 - - [28/Jan/2016:23:38:00 +0400] "GET /posts/2015-05-18-a-simple-exercise-in-lambda-calculus.html HTTP/1.1" 200 2101 "-" "Mozilla/5.0 (compatible; Googlebot/2.1; +http://www.google.com/bot.html)"
66.249.69.117 - - [29/Jan/2016:00:06:16 +0400] "GET /posts/2015-08-01-identity-relation-equivalence-function.html HTTP/1.1" 200 1558 "-" "Mozilla/5.0 (compatible; Googlebot/2.1; +http://www.google.com/bot.html)"
180.76.15.147 - - [29/Jan/2016:01:12:38 +0400] "GET / HTTP/1.1" 200 3359 "-" "Mozilla/5.0 (compatible; Baiduspider/2.0; +http://www.baidu.com/search/spider.html)"
180.76.15.18 - - [29/Jan/2016:01:12:38 +0400] "GET / HTTP/1.1" 200 3359 "-" "Mozilla/5.0 (compatible; Baiduspider/2.0; +http://www.baidu.com/search/spider.html)"
66.249.69.117 - - [29/Jan/2016:01:58:59 +0400] "GET /posts/2015-08-10-master-version-controller.html HTTP/1.1" 200 1249 "-" "Mozilla/5.0 (compatible; Googlebot/2.1; +http://www.google.com/bot.html)"
180.76.15.151 - - [29/Jan/2016:02:14:05 +0400] "GET / HTTP/1.1" 200 3359 "-" "Mozilla/5.0 (compatible; Baiduspider/2.0; +http://www.baidu.com/search/spider.html)"
180.76.15.141 - - [29/Jan/2016:02:14:06 +0400] "GET / HTTP/1.1" 200 3359 "-" "Mozilla/5.0 (compatible; Baiduspider/2.0; +http://www.baidu.com/search/spider.html)"
180.76.15.30 - - [29/Jan/2016:03:15:06 +0400] "GET / HTTP/1.1" 200 3359 "-" "Mozilla/5.0 (compatible; Baiduspider/2.0; +http://www.baidu.com/search/spider.html)"
180.76.15.34 - - [29/Jan/2016:03:15:10 +0400] "GET / HTTP/1.1" 200 3359 "-" "Mozilla/5.0 (compatible; Baiduspider/2.0; +http://www.baidu.com/search/spider.html)"
66.249.69.109 - - [29/Jan/2016:03:33:16 +0400] "GET /posts/2015-12-16-python-cannot-even-uniq.html HTTP/1.1" 200 1846 "-" "Mozilla/5.0 (compatible; Googlebot/2.1; +http://www.google.com/bot.html)"
180.76.15.12 - - [29/Jan/2016:04:14:15 +0400] "GET / HTTP/1.1" 200 3359 "-" "Mozilla/5.0 (compatible; Baiduspider/2.0; +http://www.baidu.com/search/spider.html)"
180.76.15.146 - - [29/Jan/2016:04:14:17 +0400] "GET / HTTP/1.1" 200 3359 "-" "Mozilla/5.0 (compatible; Baiduspider/2.0; +http://www.baidu.com/search/spider.html)"
66.249.69.109 - - [29/Jan/2016:04:19:58 +0400] "GET /posts/2016-01-26-hardcoding-host-ip-address-in-putty.html HTTP/1.1" 200 2160 "-" "Mozilla/5.0 (compatible; Googlebot/2.1; +http://www.google.com/bot.html)"
66.249.69.109 - - [29/Jan/2016:04:53:05 +0400] "GET /2013/06/04/package-manager-hell.html HTTP/1.1" 200 1768 "-" "Mozilla/5.0 (compatible; Googlebot/2.1; +http://www.google.com/bot.html)"
180.76.15.142 - - [29/Jan/2016:05:15:01 +0400] "GET / HTTP/1.1" 200 3359 "-" "Mozilla/5.0 (compatible; Baiduspider/2.0; +http://www.baidu.com/search/spider.html)"
180.76.15.6 - - [29/Jan/2016:05:15:04 +0400] "GET / HTTP/1.1" 200 3359 "-" "Mozilla/5.0 (compatible; Baiduspider/2.0; +http://www.baidu.com/search/spider.html)"
66.249.69.109 - - [29/Jan/2016:05:54:01 +0400] "GET /posts/2016-01-06-finite-groups-e-an-for-every-a.html HTTP/1.1" 200 684 "-" "Mozilla/5.0 (compatible; Googlebot/2.1; +http://www.google.com/bot.html)"
180.76.15.147 - - [29/Jan/2016:06:13:48 +0400] "GET / HTTP/1.1" 200 3359 "-" "Mozilla/5.0 (compatible; Baiduspider/2.0; +http://www.baidu.com/search/spider.html)"
180.76.15.24 - - [29/Jan/2016:06:13:48 +0400] "GET / HTTP/1.1" 200 3359 "-" "Mozilla/5.0 (compatible; Baiduspider/2.0; +http://www.baidu.com/search/spider.html)"
66.249.69.117 - - [29/Jan/2016:06:18:37 +0400] "GET /2013/04/28/alcohol-selling-time-restrictions-are-silly.html HTTP/1.1" 200 1757 "-" "Mozilla/5.0 (compatible; Googlebot/2.1; +http://www.google.com/bot.html)"
180.76.15.11 - - [29/Jan/2016:07:16:14 +0400] "GET / HTTP/1.1" 200 3359 "-" "Mozilla/5.0 (compatible; Baiduspider/2.0; +http://www.baidu.com/search/spider.html)"
180.76.15.32 - - [29/Jan/2016:07:16:20 +0400] "GET / HTTP/1.1" 200 3359 "-" "Mozilla/5.0 (compatible; Baiduspider/2.0; +http://www.baidu.com/search/spider.html)"
180.76.15.21 - - [29/Jan/2016:08:14:14 +0400] "GET / HTTP/1.1" 200 3359 "-" "Mozilla/5.0 (compatible; Baiduspider/2.0; +http://www.baidu.com/search/spider.html)"
180.76.15.34 - - [29/Jan/2016:08:14:16 +0400] "GET / HTTP/1.1" 200 3359 "-" "Mozilla/5.0 (compatible; Baiduspider/2.0; +http://www.baidu.com/search/spider.html)"
66.249.69.117 - - [29/Jan/2016:09:14:18 +0400] "GET /posts/2014-10-08-glorifying-irc.html HTTP/1.1" 200 1288 "-" "Mozilla/5.0 (compatible; Googlebot/2.1; +http://www.google.com/bot.html)"
180.76.15.28 - - [29/Jan/2016:09:17:21 +0400] "GET / HTTP/1.1" 200 3359 "-" "Mozilla/5.0 (compatible; Baiduspider/2.0; +http://www.baidu.com/search/spider.html)"
180.76.15.152 - - [29/Jan/2016:09:17:24 +0400] "GET / HTTP/1.1" 200 3359 "-" "Mozilla/5.0 (compatible; Baiduspider/2.0; +http://www.baidu.com/search/spider.html)"
125.213.192.32 - - [29/Jan/2016:09:33:09 +0400] "GET /posts/2016-01-06-finite-groups-e-an-for-every-a.html HTTP/1.1" 200 684 "https://www.google.co.in/" "Mozilla/5.0 (Linux; Android 4.2.1; en-us; Nexus 5 Build/JOP40D) AppleWebKit/535.19 (KHTML, like Gecko; googleweblight) Chrome/38.0.1025.166 Mobile Safari/535.19"
125.213.192.32 - - [29/Jan/2016:09:33:09 +0400] "GET /css/style.css HTTP/1.1" 200 2568 "http://raitis.veinbahs.lv/posts/2016-01-06-finite-groups-e-an-for-every-a.html" "Mozilla/5.0 (Linux; Android 4.2.1; en-us; Nexus 5 Build/JOP40D) AppleWebKit/535.19 (KHTML, like Gecko; googleweblight) Chrome/38.0.1025.166 Mobile Safari/535.19"
125.213.192.32 - - [29/Jan/2016:09:33:09 +0400] "GET /css/normalize.css HTTP/1.1" 200 2334 "http://raitis.veinbahs.lv/posts/2016-01-06-finite-groups-e-an-for-every-a.html" "Mozilla/5.0 (Linux; Android 4.2.1; en-us; Nexus 5 Build/JOP40D) AppleWebKit/535.19 (KHTML, like Gecko; googleweblight) Chrome/38.0.1025.166 Mobile Safari/535.19"
202.86.16.134 - - [29/Jan/2016:09:33:09 +0400] "GET /images/2016-01-06-proof.png HTTP/1.1" 200 69314 "http://raitis.veinbahs.lv/posts/2016-01-06-finite-groups-e-an-for-every-a.html" "Mozilla/5.0 (Linux; Android 4.2.1; en-us; Nexus 5 Build/JOP40D) AppleWebKit/535.19 (KHTML, like Gecko; googleweblight) Chrome/38.0.1025.166 Mobile Safari/535.19"
66.249.69.117 - - [29/Jan/2016:10:12:28 +0400] "GET /2013/02/28/cloning-setups.html HTTP/1.1" 200 1331 "-" "Mozilla/5.0 (compatible; Googlebot/2.1; +http://www.google.com/bot.html)"
180.76.15.20 - - [29/Jan/2016:10:15:20 +0400] "GET / HTTP/1.1" 200 3359 "-" "Mozilla/5.0 (compatible; Baiduspider/2.0; +http://www.baidu.com/search/spider.html)"
180.76.15.12 - - [29/Jan/2016:10:15:22 +0400] "GET / HTTP/1.1" 200 3359 "-" "Mozilla/5.0 (compatible; Baiduspider/2.0; +http://www.baidu.com/search/spider.html)"
175.106.32.188 - - [29/Jan/2016:10:22:17 +0400] "GET / HTTP/1.1" 200 3359 "-" "Mozilla/5.0 (Windows NT 10.0; Win64; x64) AppleWebKit/537.36 (KHTML, like Gecko) Chrome/48.0.2564.97 Safari/537.36"
175.106.32.188 - - [29/Jan/2016:10:22:17 +0400] "GET /css/normalize.css HTTP/1.1" 200 2334 "http://raitis.veinbahs.lv/" "Mozilla/5.0 (Windows NT 10.0; Win64; x64) AppleWebKit/537.36 (KHTML, like Gecko) Chrome/48.0.2564.97 Safari/537.36"
175.106.32.188 - - [29/Jan/2016:10:22:17 +0400] "GET /css/style.css HTTP/1.1" 200 2568 "http://raitis.veinbahs.lv/" "Mozilla/5.0 (Windows NT 10.0; Win64; x64) AppleWebKit/537.36 (KHTML, like Gecko) Chrome/48.0.2564.97 Safari/537.36"
175.106.32.188 - - [29/Jan/2016:10:22:18 +0400] "GET /favicon.ico HTTP/1.1" 404 571 "http://raitis.veinbahs.lv/" "Mozilla/5.0 (Windows NT 10.0; Win64; x64) AppleWebKit/537.36 (KHTML, like Gecko) Chrome/48.0.2564.97 Safari/537.36"
175.106.32.188 - - [29/Jan/2016:10:22:20 +0400] "GET /me HTTP/1.1" 404 571 "-" "Mozilla/5.0 (Windows NT 10.0; Win64; x64) AppleWebKit/537.36 (KHTML, like Gecko) Chrome/48.0.2564.97 Safari/537.36"
175.106.32.188 - - [29/Jan/2016:10:22:24 +0400] "GET /public HTTP/1.1" 404 571 "-" "Mozilla/5.0 (Windows NT 10.0; Win64; x64) AppleWebKit/537.36 (KHTML, like Gecko) Chrome/48.0.2564.97 Safari/537.36"
175.106.32.188 - - [29/Jan/2016:10:22:29 +0400] "GET /share HTTP/1.1" 404 571 "-" "Mozilla/5.0 (Windows NT 10.0; Win64; x64) AppleWebKit/537.36 (KHTML, like Gecko) Chrome/48.0.2564.97 Safari/537.36"
175.106.32.188 - - [29/Jan/2016:10:22:36 +0400] "GET /posts/2016-01-26-hardcoding-host-ip-address-in-putty.html HTTP/1.1" 200 4273 "http://raitis.veinbahs.lv/" "Mozilla/5.0 (Windows NT 10.0; Win64; x64) AppleWebKit/537.36 (KHTML, like Gecko) Chrome/48.0.2564.97 Safari/537.36"
180.76.15.7 - - [29/Jan/2016:11:14:47 +0400] "GET / HTTP/1.1" 200 3359 "-" "Mozilla/5.0 (compatible; Baiduspider/2.0; +http://www.baidu.com/search/spider.html)"
180.76.15.17 - - [29/Jan/2016:11:14:51 +0400] "GET / HTTP/1.1" 200 3359 "-" "Mozilla/5.0 (compatible; Baiduspider/2.0; +http://www.baidu.com/search/spider.html)"
180.76.15.21 - - [29/Jan/2016:12:13:42 +0400] "GET / HTTP/1.1" 200 3359 "-" "Mozilla/5.0 (compatible; Baiduspider/2.0; +http://www.baidu.com/search/spider.html)"
180.76.15.163 - - [29/Jan/2016:12:13:43 +0400] "GET / HTTP/1.1" 200 3359 "-" "Mozilla/5.0 (compatible; Baiduspider/2.0; +http://www.baidu.com/search/spider.html)"
180.76.15.24 - - [29/Jan/2016:13:15:26 +0400] "GET / HTTP/1.1" 200 3359 "-" "Mozilla/5.0 (compatible; Baiduspider/2.0; +http://www.baidu.com/search/spider.html)"
180.76.15.6 - - [29/Jan/2016:13:15:30 +0400] "GET / HTTP/1.1" 200 3359 "-" "Mozilla/5.0 (compatible; Baiduspider/2.0; +http://www.baidu.com/search/spider.html)"
180.76.15.24 - - [29/Jan/2016:14:14:23 +0400] "GET / HTTP/1.1" 200 3359 "-" "Mozilla/5.0 (compatible; Baiduspider/2.0; +http://www.baidu.com/search/spider.html)"
180.76.15.141 - - [29/Jan/2016:14:14:25 +0400] "GET / HTTP/1.1" 200 3359 "-" "Mozilla/5.0 (compatible; Baiduspider/2.0; +http://www.baidu.com/search/spider.html)"
180.76.15.7 - - [29/Jan/2016:15:15:29 +0400] "GET / HTTP/1.1" 200 3359 "-" "Mozilla/5.0 (compatible; Baiduspider/2.0; +http://www.baidu.com/search/spider.html)"
180.76.15.12 - - [29/Jan/2016:15:15:34 +0400] "GET / HTTP/1.1" 200 3359 "-" "Mozilla/5.0 (compatible; Baiduspider/2.0; +http://www.baidu.com/search/spider.html)"
69.30.215.118 - - [29/Jan/2016:16:00:30 +0400] "GET /robots.txt HTTP/1.0" 200 24 "-" "Mozilla/5.0 (compatible; MJ12bot/v1.4.5; http://www.majestic12.co.uk/bot.php?+)"
69.30.215.118 - - [29/Jan/2016:16:00:32 +0400] "GET /code.html HTTP/1.0" 200 2816 "-" "Mozilla/5.0 (compatible; MJ12bot/v1.4.5; http://www.majestic12.co.uk/bot.php?+)"
